
> frontend@0.0.0 build
> vite build

[36mrolldown-vite v7.2.5 [32mbuilding client environment for production...[36m[39m
[2Ktransforming...✓ 1809 modules transformed.
rendering chunks...
computing gzip size...
dist/index.html                   0.48 kB │ gzip:   0.32 kB
dist/assets/index-BLlG38tN.css   43.05 kB │ gzip:   8.69 kB
dist/assets/index-CtrXxSIv.js   855.15 kB │ gzip: 267.42 kB
[32m✓ built in 4.76s[39m
[33m[plugin builtin:reporter] 
(!) Some chunks are larger than 500 kB after minification. Consider:
- Using dynamic import() to code-split the application
- Use build.rollupOptions.output.manualChunks to improve chunking: https://rollupjs.org/configuration-options/#output-manualchunks
- Adjust chunk size limit for this warning via build.chunkSizeWarningLimit.[39m
